// Vitest Snapshot v1, https://vitest.dev/guide/snapshot.html

exports[`Pruebas en el componente FirstStepApp > Debe de coincidir con el snapshoot 1`] = `
<div>
  <div>
    <h1>
      Carrito de compras
    </h1>
    <div
      data-testid="ItemCounter"
      name="Nintendo Switch"
      quantity="10"
    />
    <div
      data-testid="ItemCounter"
      name="Xbox One"
      quantity="20"
    />
    <div
      data-testid="ItemCounter"
      name="Wii"
      quantity="20"
    />
  </div>
</div>
`;
